     1                                  [org 0x0100]
     2 00000000 EB21                    jmp start
     3                                  
     4 00000002 06                      clrscr:		push es
     5 00000003 50                      			push ax
     6 00000004 57                      			push di
     7                                  
     8 00000005 B800B8                  			mov ax, 0xb800
     9 00000008 8EC0                    			mov es, ax					
    10 0000000A BF0000                  			mov di, 0					
    11 0000000D B407                    			mov ah, 0x07
    12 0000000F B000                    			mov al, 0
    13                                  
    14 00000011 268905                  nextloc:	mov word [es:di], AX	
    15 00000014 FEC0                    			inc AL
    16 00000016 83C702                  			add di, 2					
    17 00000019 81FFA00F                			cmp di, 4000			
    18 0000001D 75F2                    			jne nextloc				
    19                                  
    20 0000001F 5F                      			pop di
    21 00000020 58                      			pop ax
    22 00000021 07                      			pop es
    23 00000022 C3                      			ret
    24                                  
    25                                  
    26                                  start:	
    27                                  
    28 00000023 B407                    mov AH,0x07
    29 00000025 B000                    mov al, 0x00
    30 00000027 CD10                    int 0x10
    31                                  
    32                                  
    33                                  
    34 00000029 E8D6FF                  call clrscr
    35                                  
    36                                  
    37 0000002C B8004C                  mov ax, 0x4c00 
    38 0000002F CD21                    int 0x21
