     1                                  [org 0x0100]
     2                                  		
     3 00000000 B800B8                  			mov ax, 0xb800 					
     4 00000003 8EC0                    			mov es, ax 				
     5 00000005 BF0000                  			mov di, 0 	
     6                                  								
     7                                  
     8                                  firstportion: 	
     9 00000008 26C7055F07              		mov word [es:di], 0x075F 			
    10 0000000D 83C702                  		add di, 2 						
    11 00000010 81FFC008                		cmp di, 2240 					
    12 00000014 75F2                    		jne firstportion 
    13                                  secondportion: 	
    14 00000016 26C7052E07              		mov word [es:di], 0x072E 			
    15 0000001B 83C702                  		add di, 2 						
    16 0000001E 81FFA00F                		cmp di, 4000 					
    17 00000022 75F2                    		jne secondportion 		
    18                                  	
    19                                  
    20 00000024 B8004C                  mov ax, 0x4c00 
    21 00000027 CD21                    int 0x21 
