     1                                  [org 0x0100]
     2 00000000 E9AE00                  jmp start
     3 00000003 2A                      message: db '*'
     4 00000004 0100                    length: dw 1
     5 00000006 06                      clrscr: push es
     6 00000007 50                      push ax
     7 00000008 57                      push di
     8                                  
     9 00000009 B800B8                  mov ax, 0xb800
    10 0000000C 8EC0                    mov es, ax
    11 0000000E BF0000                  mov di, 0
    12                                  
    13 00000011 26C7052007              nextloc: mov word [es:di], 0x0720
    14 00000016 83C702                  add di, 2
    15 00000019 81FFA00F                cmp di, 4000
    16 0000001D 75F2                    jne nextloc
    17                                  
    18 0000001F 5F                      pop di
    19 00000020 58                      pop ax
    20 00000021 07                      pop es
    21 00000022 C3                      ret
    22                                  delay:
    23 00000023 55                      push bp
    24 00000024 89E5                    mov bp,sp
    25 00000026 51                      push cx
    26 00000027 B9FFFF                  mov cx,0xffff
    27                                  delay1:
    28 0000002A E2FE                    loop delay1
    29 0000002C 59                      pop cx
    30 0000002D 5D                      pop bp
    31 0000002E C3                      ret
    32 0000002F 55                      printstr: push bp
    33 00000030 89E5                    mov bp, sp
    34 00000032 06                      push es
    35 00000033 50                      push ax
    36 00000034 51                      push cx
    37 00000035 56                      push si
    38 00000036 57                      push di
    39                                  
    40 00000037 B800B8                  mov ax, 0xb800
    41 0000003A 8EC0                    mov es, ax
    42 0000003C BF0000                  mov di, 0
    43                                  
    44 0000003F 8B7606                  mov si, [bp+6]
    45 00000042 8B4E04                  mov cx, [bp+4]
    46 00000045 B407                    mov ah, 0x07
    47 00000047 B08F                    mov al,0x8F
    48                                  
    49 00000049 8A04                    nextchar: mov al, [si]
    50 0000004B 268905                  mov [es:di], ax
    51 0000004E 83C702                  add di, 2
    52 00000051 83C601                  add si, 1
    53 00000054 E2F3                    loop nextchar
    54 00000056 B95000                  mov cx,0x50
    55 00000059 BF0000                  mov di,0
    56 0000005C BE0000                  mov si,0
    57                                   
    58                                  
    59                                  movLefttoRight:
    60 0000005F E8A4FF                  call clrscr
    61 00000062 268905                  mov [es:di], ax
    62 00000065 83C702                  add di,2
    63 00000068 E8B8FF                  call delay
    64 0000006B E2F2                    loop movLefttoRight 
    65                                  
    66 0000006D B91800                  mov cx,0x18
    67 00000070 BF3E01                  mov di,318
    68                                  
    69                                  toptobottom:
    70 00000073 E890FF                  call clrscr
    71 00000076 268905                  mov [es:di], ax
    72 00000079 81C7A000                add di,160
    73 0000007D E8A3FF                  call delay
    74 00000080 E2F1                    loop toptobottom
    75                                  
    76 00000082 B95000                  mov cx,0x50
    77 00000085 BFA00F                  mov di,4000
    78                                  
    79                                  righttoleft:
    80 00000088 E87BFF                  call clrscr
    81 0000008B 268905                  mov [es:di], ax
    82 0000008E 83EF02                  sub di,2
    83 00000091 E88FFF                  call delay
    84 00000094 E2F2                    loop righttoleft
    85                                  
    86 00000096 B91800                  mov cx, 0x18
    87                                  bottomtotop:
    88 00000099 E86AFF                  call clrscr
    89 0000009C 268905                  mov [es:di], ax
    90 0000009F 81EFA000                sub di,160
    91 000000A3 E87DFF                  call delay
    92 000000A6 E2F1                    loop bottomtotop
    93                                  
    94                                  
    95                                  
    96                                  
    97 000000A8 5F                      pop di
    98 000000A9 5E                      pop si
    99 000000AA 59                      pop cx
   100 000000AB 58                      pop ax
   101 000000AC 07                      pop es
   102 000000AD 5D                      pop bp
   103 000000AE C20400                  ret 4
   104 000000B1 E852FF                  start: call clrscr
   105 000000B4 B8[0300]                mov ax, message
   106 000000B7 50                      push ax
   107 000000B8 FF36[0400]              push word [length]
   108 000000BC E870FF                  call printstr
   109 000000BF B8004C                  mov ax, 0x4c00
   110 000000C2 CD21                    int 0x21
