     1                                  [org 0x0100]
     2 00000000 EB18                    jmp start
     3                                  
     4 00000002 654500D000000000        multiplicand: dq 0xD0004565
     5 0000000A 785600F000000000        multiplier: dq 0xF0005678
     6 00000012 0000000000000000        result: dq 0
     7                                  
     8                                  start: 
     9 0000001A B120                    mov cl, 32
    10 0000001C 66A1[0A00]              mov eax, [multiplier]   
    11 00000020 668B1E[0200]            mov ebx, [multiplicand]  
    12 00000025 668B16[0600]            mov edx, [multiplicand+4]  
    13 0000002A 6631FF                  xor edi, edi               
    14                                  
    15                                  checkbit:
    16 0000002D 66A901000000            test eax, 1                
    17 00000033 7408                    jz skip                  
    18                                  
    19 00000035 6601DF                  add edi, ebx            
    20 00000038 661116[1600]            adc dword [result+4], edx  
    21                                  
    22                                  skip:
    23 0000003D 66D1E3                  shl ebx, 1                
    24 00000040 66D1D2                  rcl edx, 1                 
    25 00000043 66D1E8                  shr eax, 1                  
    26 00000046 FEC9                    dec cl                      
    27 00000048 75E3                    jnz checkbit             
    28                                  
    29                                  
    30 0000004A 66893E[1200]            mov [result], edi           
    31 0000004F 668916[1600]            mov [result+4], edx        
    32                                  
    33 00000054 B8004C                  mov ax, 0x4C00
    34 00000057 CD21                    int 0x21
