     1                                  [org 0x0100]         
     2                                  
     3 00000000 EB08                    jmp start
     4                                  
     5 00000002 0000                    globalVar:  dw 0         
     6 00000004 0000                    answer1: dw 0         
     7 00000006 0000                    answer2: dw 0         
     8 00000008 0000                    answer3: dw 0
     9                                  
    10                                  start:
    11 0000000A 6A0A                        push 0xA     
    12 0000000C 6A01                        push 0x1      
    13 0000000E 6A02                        push 0x2      
    14 00000010 6A02                        push 0x2    
    15 00000012 E82D00                      call subtract
    16 00000015 A1[0200]                    mov ax, [globalVar]    
    17 00000018 A3[0400]                    mov [answer1], ax   
    18                                  
    19                                  
    20 0000001B 6A09                        push 0x9      
    21 0000001D 6A01                        push 0x1     
    22 0000001F 6A05                        push 0x5      
    23 00000021 6A00                        push 0x0      
    24 00000023 E81C00                      call subtract
    25 00000026 A1[0200]                    mov ax, [globalVar]    
    26 00000029 A3[0600]                    mov [answer2], ax   
    27                                  
    28                                  
    29 0000002C 6A0F                        push 0xF     
    30 0000002E 6A01                        push 0x1    
    31 00000030 6A08                        push 0x8    
    32 00000032 6A04                        push 0x4      
    33 00000034 E80B00                      call subtract
    34 00000037 A1[0200]                    mov ax, [globalVar]    
    35 0000003A A3[0800]                    mov [answer3], ax   
    36                                  
    37 0000003D B8004C                      mov ax, 0x4c00
    38 00000040 CD21                        int 0x21
    39                                  
    40                                  subtract:
    41 00000042 55                          push bp               
    42 00000043 89E5                        mov  bp, sp           
    43 00000045 8B460A                      mov  ax, [bp+10]      
    44 00000048 2B4608                      sub  ax, [bp+8]       
    45 0000004B 2B4606                      sub  ax, [bp+6]       
    46 0000004E 2B4604                      sub  ax, [bp+4]       
    47 00000051 A3[0200]                    mov  [globalVar], ax
    48 00000054 5D                          pop  bp               
    49 00000055 C20800                      ret 8            
