     1                                  [org 0x0100]
     2                                  
     3 00000000 EB0A                    jmp start
     4                                  
     5 00000002 0000                    temp1: dw 0
     6 00000004 0000                    temp2: dw 0
     7 00000006 0000                    answer1: dw 0
     8 00000008 0000                    answer2: dw 0
     9 0000000A 0000                    answer3: dw 0
    10                                  
    11                                  start:
    12 0000000C 6A0A                        push 0xA
    13 0000000E 6A01                        push 0x1
    14 00000010 6A02                        push 0x2
    15 00000012 6A02                        push 0x2
    16 00000014 E83900                      call AnotherFunction
    17 00000017 A1[0200]                    mov ax, [temp1]
    18 0000001A 0306[0400]                  add ax, [temp2]
    19 0000001E A3[0600]                    mov [answer1], ax
    20                                  
    21 00000021 6A09                        push 0x9
    22 00000023 6A01                        push 0x1
    23 00000025 6A05                        push 0x5
    24 00000027 6A00                        push 0x0
    25 00000029 E82400                      call AnotherFunction
    26 0000002C A1[0200]                    mov ax, [temp1]
    27 0000002F 0306[0400]                  add ax, [temp2]
    28 00000033 A3[0800]                    mov [answer2], ax
    29                                  
    30 00000036 6A0F                        push 0xF
    31 00000038 6A01                        push 0x1
    32 0000003A 6A08                        push 0x8
    33 0000003C 6A04                        push 0x4
    34 0000003E E80F00                      call AnotherFunction
    35 00000041 A1[0200]                    mov ax, [temp1]
    36 00000044 0306[0400]                  add ax, [temp2]
    37 00000048 A3[0A00]                    mov [answer3], ax
    38                                  
    39 0000004B B8004C                      mov ax, 0x4c00
    40 0000004E CD21                        int 0x21
    41                                  
    42                                  AnotherFunction:
    43 00000050 55                          push bp
    44 00000051 89E5                        mov bp, sp
    45 00000053 8B460A                      mov ax, [bp + 10]
    46 00000056 8B5E08                      mov bx, [bp + 8]
    47 00000059 8B4E06                      mov cx, [bp + 6]
    48 0000005C 8B5604                      mov dx, [bp + 4]
    49 0000005F E81C00                      call subtract
    50 00000062 8936[0200]                  mov [temp1], si
    51 00000066 BE0000                      mov si, 0
    52 00000069 89C8                        mov ax, cx
    53 0000006B 89D3                        mov bx, dx
    54 0000006D B90000                      mov cx, 0
    55 00000070 BA0000                      mov dx, 0
    56 00000073 E80800                      call subtract
    57 00000076 8936[0400]                  mov [temp2], si
    58 0000007A 5D                          pop bp
    59 0000007B C20800                      ret 8
    60                                  
    61                                  subtract:
    62 0000007E 55                          push bp
    63 0000007F 89E5                        mov bp, sp              
    64 00000081 89C6                        mov si, ax
    65 00000083 29DE                        sub si, bx              
    66 00000085 29CE                        sub si, cx              
    67 00000087 29D6                        sub si, dx
    68 00000089 5D                          pop bp              
    69 0000008A C3                          ret
