     1                                  [org 0x0100]
     2 00000000 E99C00                  jmp start
     3 00000003 20                      message: db ' '
     4 00000004 0100                    length: dw 1
     5                                  
     6                                  clrscr: 
     7 00000006 06                      push es
     8 00000007 50                      push ax
     9 00000008 57                      push di
    10                                  
    11 00000009 B800B8                  mov ax, 0xb800
    12 0000000C 8EC0                    mov es, ax
    13 0000000E BF0000                  mov di, 0
    14                                  
    15                                  nextloc: 
    16 00000011 26C7052007              mov word [es:di], 0x0720
    17 00000016 83C702                  add di, 2
    18 00000019 81FFA00F                cmp di, 4000
    19 0000001D 75F2                    jne nextloc
    20                                  
    21 0000001F 5F                      pop di
    22 00000020 58                      pop ax
    23 00000021 07                      pop es
    24 00000022 C3                      ret
    25                                  
    26                                  delay:
    27 00000023 55                      push bp
    28 00000024 89E5                    mov bp,sp
    29 00000026 51                      push cx
    30 00000027 B9FFFF                  mov cx,0xffff
    31                                  
    32                                  delay1:
    33 0000002A E2FE                    loop delay1
    34 0000002C 59                      pop cx
    35 0000002D 5D                      pop bp
    36 0000002E C3                      ret
    37                                  
    38                                  printstr: 
    39 0000002F 55                      push bp
    40 00000030 89E5                    mov bp, sp
    41 00000032 06                      push es
    42 00000033 50                      push ax
    43 00000034 51                      push cx
    44 00000035 56                      push si
    45 00000036 57                      push di
    46 00000037 53                      push bx
    47 00000038 52                      push dx
    48                                  
    49 00000039 B800B8                  mov ax, 0xb800
    50 0000003C 8EC0                    mov es, ax
    51 0000003E BF0000                  mov di, 0
    52                                  
    53 00000041 8B7608                  mov si, [bp+8]
    54 00000044 B410                    mov ah, 0x10
    55 00000046 B08F                    mov al,0x8F
    56 00000048 BA0000                  mov dx,0
    57 0000004B 2B5606                  sub dx,[bp+6]
    58 0000004E 8B5E04                  mov bx , [bp+4]
    59 00000051 BF0000                  mov di , 0
    60                                  
    61                                  
    62                                  triangle:
    63 00000054 8B4E06                  mov cx, [bp+6]
    64                                  
    65                                  print_triangle:
    66 00000057 8A04                    mov al,[si]
    67 00000059 268905                  mov [es:di], ax
    68 0000005C E8C4FF                  call delay
    69 0000005F E8C1FF                  call delay
    70 00000062 83C702                  add di,2
    71 00000065 83C201                  add dx,1
    72 00000068 E2ED                    loop print_triangle 
    73                                  
    74 0000006A 81C7A000                add di,160
    75 0000006E 29CF                    sub di,cx
    76 00000070 4B                      dec bx
    77 00000071 75E1                    jnz triangle
    78                                  
    79 00000073 83C201                  add dx, 1
    80                                  printbase:
    81 00000076 8A04                    mov al,[si]
    82 00000078 268905                  mov [es:di], ax
    83 0000007B 83EF02                  sub di,2
    84 0000007E 83EA01                  sub dx,1
    85 00000081 75F3                    jnz printbase
    86                                  
    87                                  printhypo:
    88 00000083 8A04                    mov al,[si]
    89 00000085 268905                  mov [es:di], ax
    90 00000088 E898FF                  call delay
    91 0000008B E895FF                  call delay
    92 0000008E 81EFA000                sub di,160
    93 00000092 75EF                    jnz printhypo
    94                                  
    95 00000094 5A                      pop dx
    96 00000095 5B                      pop bx
    97 00000096 5F                      pop di
    98 00000097 5E                      pop si
    99 00000098 59                      pop cx
   100 00000099 58                      pop ax
   101 0000009A 07                      pop es
   102 0000009B 5D                      pop bp
   103 0000009C C20600                  ret 6
   104                                  
   105                                  start: 
   106 0000009F E864FF                  call clrscr
   107                                  
   108 000000A2 B8[0300]                mov ax, message
   109 000000A5 68C800                  push 200
   110 000000A8 50                      push ax
   111 000000A9 6A01                    push 1
   112 000000AB 6A14                    push 20
   113 000000AD E87FFF                  call printstr
   114 000000B0 E853FF                  call clrscr
   115                                  
   116 000000B3 B8[0300]                mov ax, message
   117 000000B6 68C800                  push 200
   118 000000B9 50                      push ax
   119 000000BA 6A01                    push 1
   120 000000BC 6A0A                    push 10
   121 000000BE E86EFF                  call printstr
   122                                  
   123 000000C1 B8004C                  mov ax, 0x4c00
   124 000000C4 CD21                    int 0x21
