     1                                  [org 0x0100]
     2 00000000 EB3D                    jmp start
     3                                  
     4                                  allign:	
     5 00000002 55                      	push bp
     6 00000003 89E5                    	mov bp,sp
     7 00000005 50                      	push ax
     8 00000006 51                      	push cx
     9 00000007 56                      	push si
    10 00000008 57                      	push di
    11 00000009 06                      	push es
    12 0000000A 1E                      	push ds
    13                                  
    14 0000000B B80100                  	mov ax, 1
    15 0000000E F66604                  	mul byte [bp+4]
    16 00000011 50                      	push ax 
    17 00000012 D1E0                    	shl ax, 1 
    18                                  	
    19 00000014 BE9E0F                  	mov si, 3998 
    20 00000017 29C6                    	sub si, ax 
    21                                  	
    22 00000019 B9A00F                  	mov cx, 4000 
    23 0000001C 29C1                    	sub cx, ax 
    24 0000001E D1E8                    	shr ax,1
    25                                  
    26 00000020 B800B8                  	mov ax, 0xb800
    27 00000023 8EC0                    	mov es, ax 
    28 00000025 8ED8                    	mov ds, ax 
    29 00000027 BF9E0F                  	mov di, 3998 
    30                                  
    31 0000002A FD                      	std 
    32 0000002B F3A5                    	rep movsw 
    33                                  	
    34 0000002D B82007                  	mov ax, 0x0720 
    35 00000030 59                      	pop cx 
    36 00000031 89CF                    	mov di,cx						
    37 00000033 F3AB                    	rep stosw 
    38                                  
    39 00000035 1F                      	pop ds
    40 00000036 07                      	pop es
    41 00000037 5F                      	pop di
    42 00000038 5E                      	pop si
    43 00000039 59                      	pop cx
    44 0000003A 58                      	pop ax
    45 0000003B 5D                      	pop bp
    46 0000003C C20200                  	ret 2
    47                                  
    48                                  start:
    49 0000003F B80A00                  	mov ax, 10
    50 00000042 50                      	push ax 
    51 00000043 E8BCFF                  	call allign 
    52                                  
    53 00000046 B8004C                  	mov ax, 0x4c00 
    54 00000049 CD21                    	int 0x21
